python.exe : Warning: You are sending unauthenticated requests to the HF Hub. Please set a HF_TOKEN to enable higher 
rate limits and faster downloads.
At C:\Users\think\Project_v2\drug-quantification-framework\rag-queries\run_lancedb_refresh.ps1:43 char:5
+     & python $script --source lancedb --refresh --class $cls 2>&1 | T ...
+     ~~~~~~~~~~~~~~~~~~~~~~~~~~~~~~~~~~~~~~~~~~~~~~~~~~~~~~~~~~~~~
    + CategoryInfo          : NotSpecified: (Warning: You ar...ster downloads.:String) [], RemoteException
    + FullyQualifiedErrorId : NativeCommandError
 
Loading weights:   0%|          | 0/199 [00:00<?, ?it/s]
Loading weights: 100%|##########| 199/199 [00:00<00:00, 2994.02it/s]
python.exe : Warning: You are sending unauthenticated requests to the HF Hub. Please set a HF_TOKEN to enable higher 
rate limits and faster downloads.
At C:\Users\think\Project_v2\drug-quantification-framework\rag-queries\run_lancedb_refresh.ps1:43 char:5
+     & python $script --source lancedb --refresh --class $cls 2>&1 | T ...
+     ~~~~~~~~~~~~~~~~~~~~~~~~~~~~~~~~~~~~~~~~~~~~~~~~~~~~~~~~~~~~~
    + CategoryInfo          : NotSpecified: (Warning: You ar...ster downloads.:String) [], RemoteException
    + FullyQualifiedErrorId : NativeCommandError
 
Loading weights:   0%|          | 0/199 [00:00<?, ?it/s]
Loading weights: 100%|##########| 199/199 [00:00<00:00, 3730.34it/s]
python.exe : Warning: You are sending unauthenticated requests to the HF Hub. Please set a HF_TOKEN to enable higher 
rate limits and faster downloads.
At C:\Users\think\Project_v2\drug-quantification-framework\rag-queries\run_lancedb_refresh.ps1:43 char:5
+     & python $script --source lancedb --refresh --class $cls 2>&1 | T ...
+     ~~~~~~~~~~~~~~~~~~~~~~~~~~~~~~~~~~~~~~~~~~~~~~~~~~~~~~~~~~~~~
    + CategoryInfo          : NotSpecified: (Warning: You ar...ster downloads.:String) [], RemoteException
    + FullyQualifiedErrorId : NativeCommandError
 
Loading weights:   0%|          | 0/199 [00:00<?, ?it/s]
Loading weights: 100%|##########| 199/199 [00:00<00:00, 3319.48it/s]
